// Jest Snapshot v1, https://goo.gl/fbAQLP

exports[`ESLint Config should export rules 1`] = `
Object {
  "env": Object {
    "browser": true,
    "commonjs": true,
    "es6": true,
    "jest": true,
    "node": true,
  },
  "extends": Array [
    "eslint:recommended",
    "plugin:@typescript-eslint/eslint-recommended",
    "plugin:@typescript-eslint/recommended",
    "react-app",
  ],
  "parser": "@typescript-eslint/parser",
  "parserOptions": Object {
    "ecmaFeatures": Object {
      "jsx": true,
    },
    "ecmaVersion": 2019,
    "project": "./tsconfig.eslint.json",
    "sourceType": "module",
  },
  "root": true,
  "rules": Object {
    "@typescript-eslint/ban-ts-comment": Array [
      "off",
      Object {
        "ts-check": true,
        "ts-expect-error": false,
        "ts-ignore": false,
        "ts-nocheck": false,
      },
    ],
    "@typescript-eslint/explicit-function-return-type": "off",
    "@typescript-eslint/explicit-module-boundary-types": "off",
    "@typescript-eslint/no-explicit-any": "off",
  },
}
`;
