// Jest Snapshot v1, https://goo.gl/fbAQLP

exports[`isObject Function Snapshot 1`] = `
"function (input) {
    return input ? input.constructor === Object : false;
}"
`;

exports[`isObject isObject(arrow) 1`] = `false`;

exports[`isObject isObject(bigint) 1`] = `false`;

exports[`isObject isObject(boolean) 1`] = `false`;

exports[`isObject isObject(class) 1`] = `false`;

exports[`isObject isObject(function) 1`] = `false`;

exports[`isObject isObject(number) 1`] = `false`;

exports[`isObject isObject(object) 1`] = `true`;

exports[`isObject isObject(object-array) 1`] = `false`;

exports[`isObject isObject(object-non-literal) 1`] = `false`;

exports[`isObject isObject(object-null) 1`] = `false`;

exports[`isObject isObject(string) 1`] = `false`;

exports[`isObject isObject(undefined) 1`] = `false`;
