// Jest Snapshot v1, https://goo.gl/fbAQLP

exports[`TimeUtils should match snapshot 1`] = `
Object {
  "DAY": 86400000,
  "DAYS": Array [
    "Sunday",
    "Monday",
    "Tuesday",
    "Wednesday",
    "Thursday",
    "Friday",
    "Saturday",
  ],
  "DAYS_NL": Array [
    "Zondag",
    "Maandag",
    "Dinsdag",
    "Woensdag",
    "Donderdag",
    "Vrijdag",
    "Zaterdag",
  ],
  "HOUR": 3600000,
  "MINUTE": 60000,
  "MONTHS": Array [
    "January",
    "February",
    "March",
    "April",
    "May",
    "June",
    "July",
    "August",
    "September",
    "October",
    "November",
    "December",
  ],
  "MONTHS_NL": Array [
    "Januari",
    "Februari",
    "Maart",
    "April",
    "Mei",
    "Juni",
    "July",
    "Augustus",
    "September",
    "October",
    "November",
    "December",
  ],
  "SECOND": 1000,
}
`;
