// Jest Snapshot v1, https://goo.gl/fbAQLP

exports[`should have width and height 1`] = `
<div>
  1024
   
  768
   
  Robin Hood
</div>
`;
