// Jest Snapshot v1, https://goo.gl/fbAQLP

exports[`should render as expected 1`] = `
<Styled(MuiBox)
  className="bar blue-bar"
  component="div"
>
  <p>
    child
  </p>
</Styled(MuiBox)>
`;
