// Jest Snapshot v1, https://goo.gl/fbAQLP

exports[`Snapshot Testing Optional Props 1`] = `
<IconMock
  cursor="pointer"
  height={500}
  width={500}
/>
`;

exports[`Snapshot Testing Required Props 1`] = `<IconMock />`;
