// Jest Snapshot v1, https://goo.gl/fbAQLP

exports[`Content Testing should contain content 1`] = `
<div>
  Hello Wolrd
</div>
`;

exports[`Snapshot Testing Required Props 1`] = `
<WithStyles(ForwardRef(Dialog))
  classes={
    Object {
      "root": "modal",
    }
  }
  data-qa="modal"
  disableBackdropClick={true}
  disableEscapeKeyDown={true}
  open={false}
>
  <WithStyles(ForwardRef(DialogTitle))
    className="title"
    data-qa="modal-title"
  >
    Awesome Topic
  </WithStyles(ForwardRef(DialogTitle))>
  <WithStyles(ForwardRef(DialogContent))
    className="content"
    data-qa="modal-content"
  >
    <div>
      Hello Wolrd
    </div>
  </WithStyles(ForwardRef(DialogContent))>
</WithStyles(ForwardRef(Dialog))>
`;
