// Jest Snapshot v1, https://goo.gl/fbAQLP

exports[`Snapshot Testing Open and simple modal 1`] = `
<WithStyles(ForwardRef(Dialog))
  classes={
    Object {
      "root": undefined,
    }
  }
  data-qa="modal"
  disableBackdropClick={true}
  disableEscapeKeyDown={true}
  onClose={
    [MockFunction] {
      "calls": Array [
        Array [],
      ],
      "results": Array [
        Object {
          "type": "return",
          "value": undefined,
        },
      ],
    }
  }
  onKeyPress={[Function]}
  open={true}
>
  <WithStyles(ForwardRef(DialogTitle))
    className="undefined"
    data-qa="modal-title"
  >
    <CheckCircleIcon
      className=""
      color="inherit"
    />
    Awesome Topic
  </WithStyles(ForwardRef(DialogTitle))>
  <WithStyles(ForwardRef(DialogContent))
    className="undefined"
    classes={
      Object {
        "root": undefined,
      }
    }
    data-qa="modal-content"
  />
  <WithStyles(ForwardRef(DialogActions))
    classes={
      Object {
        "root": undefined,
      }
    }
    data-qa="modal-actions"
  >
    <Button
      color="primary"
      data-qa="modal-cancel-button"
      label="cancel"
      onClick={[Function]}
      variant="outlined"
    />
    <Button
      color="primary"
      data-qa="modal-confirm-button"
      label="ok"
      onClick={[Function]}
      variant="contained"
    />
  </WithStyles(ForwardRef(DialogActions))>
</WithStyles(ForwardRef(Dialog))>
`;

exports[`Snapshot Testing Optional Props 1`] = `
<WithStyles(ForwardRef(Dialog))
  classes={
    Object {
      "root": undefined,
    }
  }
  data-qa="modal"
  disableBackdropClick={true}
  disableEscapeKeyDown={true}
  onClose={
    [MockFunction] {
      "calls": Array [
        Array [],
      ],
      "results": Array [
        Object {
          "type": "return",
          "value": undefined,
        },
      ],
    }
  }
  onKeyPress={[Function]}
  open={true}
>
  <WithStyles(ForwardRef(DialogTitle))
    className="undefined"
    data-qa="modal-title"
  >
    <WarningIcon
      className=""
      color="error"
    />
    Awesome Topic
  </WithStyles(ForwardRef(DialogTitle))>
  <WithStyles(ForwardRef(DialogContent))
    className="undefined"
    classes={
      Object {
        "root": undefined,
      }
    }
    data-qa="modal-content"
  />
  <WithStyles(ForwardRef(DialogActions))
    classes={
      Object {
        "root": undefined,
      }
    }
    data-qa="modal-actions"
  >
    <Button
      color="primary"
      data-qa="modal-cancel-button"
      label="Awesome Cancel Text"
      onClick={[Function]}
      variant="outlined"
    />
    <Button
      color="primary"
      data-qa="modal-confirm-button"
      label="Awesome Ok Text"
      onClick={[Function]}
      variant="contained"
    />
  </WithStyles(ForwardRef(DialogActions))>
</WithStyles(ForwardRef(Dialog))>
`;

exports[`Snapshot Testing Required Props 1`] = `
<WithStyles(ForwardRef(Dialog))
  classes={
    Object {
      "root": undefined,
    }
  }
  data-qa="modal"
  disableBackdropClick={true}
  disableEscapeKeyDown={true}
  onClose={
    [MockFunction] {
      "calls": Array [
        Array [],
      ],
      "results": Array [
        Object {
          "type": "return",
          "value": undefined,
        },
      ],
    }
  }
  onKeyPress={[Function]}
  open={false}
>
  <WithStyles(ForwardRef(DialogTitle))
    className=""
    data-qa="modal-title"
  >
    Awesome Topic
  </WithStyles(ForwardRef(DialogTitle))>
  <WithStyles(ForwardRef(DialogContent))
    className=""
    classes={
      Object {
        "root": undefined,
      }
    }
    data-qa="modal-content"
  />
</WithStyles(ForwardRef(Dialog))>
`;
